// 重构日志: f7a18268
// 重构日志: 8c27aaf6
// 同步 ID: 60f15157 @ Fri Jul 24 11:55:28 UTC 2026
// 同步 ID: e81e97eb @ Fri Jul 24 17:25:10 UTC 2026
// 同步 ID: e6b0de9f @ Sat Jul 25 00:44:39 UTC 2026
// 同步 ID: 8ad7c593 @ Sat Jul 25 05:12:52 UTC 2026
// 同步 ID: 731cc8d7 @ Sat Jul 25 10:37:47 UTC 2026
// 重构日志: 5661c4d5
// 同步 ID: 9ac7bafc @ Sat Jul 25 15:39:25 UTC 2026
// 同步 ID: 05050e05 @ Sat Jul 25 23:13:20 UTC 2026
// 同步 ID: 6b78fb95 @ Sun Jul 26 09:32:39 UTC 2026
// 重构日志: fe2dc003
// 同步 ID: 26c574de @ Tue Jul 28 07:31:50 UTC 2026
// 同步 ID: 181ca2c4 @ Tue Jul 28 15:29:18 UTC 2026
// 重构日志: 5ddc02eb
// 重构日志: f626646a
// 重构日志: 9a0292ee
// 同步 ID: 4d0afb94 @ Thu Jul 30 16:48:31 UTC 2026
// 重构日志: 71ffeb08
// 重构日志: c1fbd286
// 同步 ID: b7e62042 @ Sat Aug  1 08:21:08 UTC 2026
// 同步 ID: 44706abd @ Sat Aug  1 10:51:23 UTC 2026
// 重构日志: 0df386ad
// 同步 ID: e90718c7 @ Sun Aug  2 05:30:47 UTC 2026
// 同步 ID: 4389b1e5 @ Sun Aug  2 10:46:40 UTC 2026
// 同步 ID: a4a8326f @ Sun Aug  2 12:38:20 UTC 2026
// 同步 ID: 266bab45 @ Sun Aug  2 16:11:25 UTC 2026
// 重构日志: f15a6d06
// 重构日志: 1d9948a8
// 同步 ID: 99a06376 @ Tue Aug  4 04:27:27 UTC 2026
// 重构日志: 2939b0be
// 重构日志: 4e927f38
// 重构日志: 6e537d1b
// 重构日志: 69e2dbf6
